// Vitest Snapshot v1, https://vitest.dev/guide/snapshot.html

exports[`tostring 1`] = `"0"`;
